// Vitest Snapshot v1, https://vitest.dev/guide/snapshot.html

exports[`Home > Should match the Snapshot 1`] = `
<div>
  <div
    class="p-0 container-fluid"
  >
    <img
      alt="Hero"
      src="/src/images/taxi-call.jpg"
      style="width: 100%; max-height: 260px; object-fit: cover;"
    />
    <div
      class="container"
      style="padding-top: 40px; padding-bottom: 40px;"
    >
      <div
        class="text-center row"
        style="max-width: 1100px; margin: 0px auto;"
      >
        <div
          class="mb-4 col-md-4"
        >
          <img
            alt="Low price"
            src="/src/images/lowest-price.png"
            style="width: 70px;"
          />
          <h5
            style="font-weight: bold; margin-top: 10px;"
          >
            Your pick of rides at low prices
          </h5>
          <p
            style="text-align: start;"
          >
            Find the ideal ride from our extensive list of locations and routes at affordable pricing, whether you're traveling by bus or carpooling.
          </p>
        </div>
        <div
          class="mb-4 col-md-4"
        >
          <img
            alt="Trust"
            src="/src/images/trust.png"
            style="width: 70px;"
          />
          <h5
            style="font-weight: bold; margin-top: 10px;"
          >
            Have faith in the people you travel with.
          </h5>
          <p
            style="text-align: start;"
          >
            We spend time getting to know each of our bus partners and members. We verify IDs, reviews, and profiles so you can book your trip on our safe platform with confidence and know who you're traveling with.
          </p>
        </div>
        <div
          class="mb-4 col-md-4"
        >
          <img
            alt="Easy"
            src="/src/images/protest.png"
            style="width: 70px;"
          />
          <h5
            style="font-weight: bold; margin-top: 10px;"
          >
            Scroll, click, tap and go!
          </h5>
          <p
            style="text-align: start;"
          >
            It's never been so simple to book a ride! Thanks to our easy software driven by outstanding technology, you may schedule a ride close to you in only minutes.
          </p>
        </div>
      </div>
    </div>
  </div>
</div>
`;
